// Jest Snapshot v1, https://goo.gl/fbAQLP

exports[
  `<ArticleHeader /> should render heading, excerpt, cover img and meta 1`
] = `
.c2 {
  color: #000000;
  line-height: 1.2;
  font-size: 6.4rem;
  text-transform: none;
}

.c0 {
  padding-bottom: 4.0rem;
  margin-bottom: 4.0rem;
  border-bottom: 0.1rem solid #DDDDDD;
}

.c0 .c1 {
  margin: 0;
  margin-bottom: 2.4rem;
}

.c3 {
  margin: 2.4rem 0;
  font-size: 2.4rem;
}

.c4 {
  max-width: 100%;
  display: block;
  margin-bottom: 2.4rem;
}

.c5 {
  font-size: 1.6rem;
  color: #BBBBBB;
  font-style: italic;
}

.c5 .categories span::after {
  content: ', ';
}

.c5 .categories span:last-child::after {
  content: '';
}

.c5 a {
  color: #dc143c;
  -webkit-text-decoration: none;
  text-decoration: none;
  -webkit-transition: all,300ms ease-in-out;
  transition: all,300ms ease-in-out;
}

.c5 a:hover {
  -webkit-filter: brightness(50%);
  filter: brightness(50%);
}

@media (max-width:768px) {
  .c2 {
    font-size: 4.0rem;
  }
}

<div>
  <header
    class="c0"
  >
    <h1
      class="c1 c2"
    >
      Quod oblique mei ne, cetero delicatissimi sea
    </h1>
    <p
      class="c3"
    >
      Et sed legere rationibus, vitae evertitur ad eam. Eu amet vero officiis vis. Ad nullam pericula neglegentur sit, vix ei regione legendos argumentum. Mei an quas convenire, nobis dicunt mei ut.
    </p>
    <img
      alt="Quod oblique mei ne, cetero delicatissimi sea"
      class="c4"
      src="https://res.cloudinary.com/dlizakp2a/image/upload/v1614699042/Origin_of_nature_by_Julian_Tomasini_dcfdd17cbe.jpg"
    />
    <div
      class="c5"
    >
      <p>
        <span>
          Por 
        </span>
        <a
          href="/author/pedro-henrique"
        >
          pedro-henrique
        </a>
        <span
          class="separator"
        >
           | 
        </span>
        <time
          datetime="2021-03-02T15:16:09.246+00:00"
        >
          2 de mar. de 2021
        </time>
        <span
          class="separator"
        >
           | 
        </span>
        <span
          class="categories"
        >
          <span>
            <a
              href="/category/tech"
            >
              Tech
            </a>
          </span>
          <span>
            <a
              href="/category/javascript"
            >
              JS
            </a>
          </span>
        </span>
      </p>
    </div>
  </header>
</div>
`;
